// Jest Snapshot v1, https://goo.gl/fbAQLP

exports[`Apple renders correctly 1`] = `
<apple
  className="apple-iPhone"
  data-key="value"
>
  <h1>
    Test
  </h1>
</apple>
`;
